exports[`CardContainer renders a snapshot 1`] = `
<div
  className="CardContainer" />
`;
